// Jest Snapshot v1, https://goo.gl/fbAQLP

exports[`<ToastMachine> renders properly 1`] = `
<Text>
  ToastMachine
</Text>
`;
